O O O O O B-Content I-Content I-Content I-Content O O O
B-Module I-Module O O O O O O O O
B-Detail I-Detail I-Detail I-Detail I-Detail O O O O
O O O B-Detail I-Detail I-Detail I-Detail I-Detail I-Detail
O O B-Detail I-Detail I-Detail I-Detail I-Detail I-Detail I-Detail O O O
O O B-Module I-Module O O O O O
O O O O B-Module I-Module O O
O O O O B-Module I-Module O B-Content I-Content I-Content I-Content
O O O B-Detail I-Detail I-Detail I-Detail I-Detail I-Detail
O O O O O O B-Module I-Module O B-Content I-Content I-Content I-Content O O
O O B-Content I-Content O O O O B-Module I-Module
B-Content I-Content I-Content I-Content O O O O O O O
B-Module I-Module I-Module I-Module O O O O O O O